// Jest Snapshot v1, https://jestjs.io/docs/snapshot-testing

exports[`Home Page matches snapshot 1`] = `
<main
  class="flex min-h-screen flex-col items-center p-24"
>
  <h1
    class="text-4xl font-bold mb-8"
  >
    Todo App
  </h1>
  <div
    data-testid="summary"
  >
    Mocked Summary Component
  </div>
  <div
    data-testid="todo-list"
  >
    Mocked TodoList Component
  </div>
</main>
`;
